<html>
<body>
<pre>
<h1>µVision Build Log</h1>
<h2>Project:</h2>
D:\Nada\Nada\Embedded\FreeRTOSproject\RTOSDemo.uvproj
Project File Date:  09/16/2022

<h2>Output:</h2>
Build target 'RTOSDemo_THUMB'
linking...
Program Size: Code=7580 RO-data=32 RW-data=212 ZI-data=15380  
FromELF: creating hex file...
".\bin\RTOSDemo.axf" - 0 Error(s), 0 Warning(s).
r(s), 0 Warning(s).
ed a statement
                }
Starter_Files_V1\source\GPIO.c: 1 warning, 0 errors
compiling GPIO_cfg.c...
compiling serial.c...
Starter_Files_V1\source\serial.c(185): warning:  #550-D: variable "cChar" was set but never used
  signed char cChar;
Starter_Files_V1\source\serial.c: 1 warning, 0 errors
compiling list.c...
compiling queue.c...
compiling tasks.c...
compiling port.c...
compiling heap_2.c...
assembling portASM.s...
linking...
Program Size: Code=7584 RO-data=32 RW-data=212 ZI-data=15380  
FromELF: creating hex file...
".\bin\RTOSDemo.axf" - 0 Error(s), 2 Warning(s).
bling portASM.s...
".\bin\RTOSDemo.axf" - 1 Error(s), 2 Warning(s).
Target not created
line 393 of ".\Source\include\list.h")
      vListInsertEnd( &( pxReadyTasksLists[ ( pxTCB )->uxPriority ] ), &( ( pxTCB )->xStateListItem  ) ); \
Source\tasks.c: 1 warning, 4 errors
".\bin\RTOSDemo.axf" - 4 Error(s), 1 Warning(s).
Target not created
rage class or type specifier
      vListInsertEnd( &( pxReadyTasksLists[ ( pxTCB )->uxPriority ] ), &( ( pxTCB )->xStateListItem  ) ); \
Source\tasks.c(232): error:  #147: declaration is incompatible with "void vListInsertEnd(List_t *const, ListItem_t *const)" (declared at line 393 of ".\Source\include\list.h")
      vListInsertEnd( &( pxReadyTasksLists[ ( pxTCB )->uxPriority ] ), &( ( pxTCB )->xStateListItem  ) ); \
Source\tasks.c(924): error:  #136: struct "tskTaskControlBlock" has no field "xTaskPeriod"
          pxNewTCB->xTaskPeriod = period;
Source\tasks.c(924): error:  #20: identifier "period" is undefined
          pxNewTCB->xTaskPeriod = period;
Source\tasks.c(925): error:  #268: declaration may not appear after executable statement in block
          TickType_t currentTick = xTaskGetTickCount();
Source\tasks.c(926): error:  #136: struct "tskTaskControlBlock" has no field "xTaskPeriod"
          listSET_LIST_ITEM_VALUE( &( ( pxNewTCB )->xStateListItem ), ( pxNewTCB
Source\tasks.c: 1 warning, 8 errors
compiling port.c...
compiling heap_2.c...
assembling portASM.s...
".\bin\RTOSDemo.axf" - 8 Error(s), 3 Warning(s).
Target not created
